==============================================================================
REST STATE  p = p(r), u = 0.  max|tendency| / max|G p| on interior cells
  A: no correction   B: flux - delta*D1(p) only   C: B + source p -> p - delta*D1(p)
==============================================================================
spherical  h=0.0312  theta-row A 1.52e-15  B 7.97e-04  C 2.09e-15 | B vs +delta D1p G: 2.6e-12 | phi-row (all cases) max 0.0e+00
spherical  h=0.0156  theta-row A 2.01e-15  B 2.00e-04  C 1.28e-15 | B vs +delta D1p G: 6.2e-12 | phi-row (all cases) max 0.0e+00
spherical  h=0.0078  theta-row A 1.28e-15  B 5.04e-05  C 1.51e-15 | B vs +delta D1p G: 3.0e-11 | phi-row (all cases) max 0.0e+00
spherical  h=0.0039  theta-row A 1.53e-15  B 1.26e-05  C 1.43e-15 | B vs +delta D1p G: 1.1e-10 | phi-row (all cases) max 0.0e+00

gnomonic   h=0.0312  alpha+beta rows A 1.23e-14  B 7.97e-04  B(global-frame) 7.97e-04  C 1.31e-14 | B vs prediction: 1.6e-11
gnomonic   h=0.0156  alpha+beta rows A 1.06e-14  B 2.00e-04  B(global-frame) 2.00e-04  C 8.99e-15 | B vs prediction: 4.5e-11
gnomonic   h=0.0078  alpha+beta rows A 1.03e-14  B 5.04e-05  B(global-frame) 5.04e-05  C 1.07e-14 | B vs prediction: 2.1e-10
gnomonic   h=0.0039  alpha+beta rows A 1.04e-14  B 1.26e-05  B(global-frame) 1.26e-05  C 1.01e-14 | B vs prediction: 8.0e-10

Residual B scales like delta*|p'|/p ~ h^2/(12 r H_s): ratio 4 per halving of h above.
==============================================================================
REST: corrections that carry u_n are bitwise zero: {'mass': 0.0, 'tracer': 0.0, 'energy': 0.0, 'mom_t': 0.0}
==============================================================================
UNIFORM TRACER  q = (0.013, 0.0007), smooth u_theta(r,theta) != 0, one x2 step
  max |q_new - q| / q per species
   none       4.00e-16  3.10e-16
   mass_only  6.34e-05  6.34e-05
   naive      4.00e-16  3.10e-16
   split      4.00e-16  3.10e-16
  mass_only = mass row corrected, tracer rows not: q drifts at O(delta) -> must correct both.
