S1 r_c      = (h**2 + 12*rbar**2)/(12*rbar)
S1 r_v      = 3*rbar*(h**2 + 4*rbar**2)/(h**2 + 12*rbar**2)
S1 delta    = -h**2*(h**2 - 12*rbar**2)/(12*rbar*(h**2 + 12*rbar**2))
S1 delta - h^2(12rb^2-h^2)/(12rb(12rb^2+h^2)) = 0
S1 sigma_c^2 = -h**2*(h**2 - 12*rbar**2)/(144*rbar**2)   (h^2/12)(1-h^2/(12rb^2)) diff: 0
S1 sigma_c^2 - sigma_v^2 series: 11*h**4/(720*rbar**2) + O(h**6)
S2a mass      residual O(h^4)? -> True
S2b row rho u phi residual O(h^4)? -> True
S2c rho u_n^2   residual O(h^4)? -> True
S2d pressure   residual O(h^4)? -> True
S2e p from cons2prim, draw 0: residual through h^3 = 0   (without the kinetic term: -49*h**2/960)
S2e p from cons2prim, draw 1: residual through h^3 = 0   (without the kinetic term: -16*h**2/2205)
S2e p from cons2prim, draw 2: residual through h^3 = 0   (without the kinetic term: -5*h**2/6)
S2f uniform q: exact face defect / (q * mass defect) = 1
S3 exact theta source - <p>_A (A2+ - A2-) = 0
S3 exact theta source - pbar_V (A2+ - A2-) != 0 : True
S4 gnomonic radial integrand of alpha-source  = r*(c0 + c1*r + c2*r**2 + c3*r**3 + c4*r**4)  (== p(r) * r: FACE measure) True

real	1m23.682s
user	1m22.191s
sys	0m0.180s

[exited with code 0]
