chapter 5 check, formulas of snapy@e894700ff7aee30b52882e5202b16461413780b0 (chengcli/snapy)
numpy 2.2.4, sympy 1.14.0
[C1] PASS six-face interior weights: derived 11/1440, -31/480, 401/720, 401/720, -31/480, 11/1440; code w6 equal
[C2] PASS one-sided six-face wall rows: row0 [95/288, 1427/1440, -133/240, 241/720, -173/1440, 3/160], row1 [-3/160, 637/1440, 511/720, -43/240, 77/1440, -11/1440]; both sum to 1; code w6e equal
[C3] PASS binomial and fourth-order filter moments: B moments [1, 0, 1], F moments [1, 0, 0, 0, -3/2], response at k dz = pi: B 0, F 0
[C4] PASS repeated wall cell is first order: cells 0,1: [3*a/8, a/16]; faces 0..3: [23*a/32, 7*a/32, a/32, 0]
[C5] PASS wall continuation restores O(dz^2) at faces 0-2: linear branch errors [0, 0, 0]; ln branch errors [31*a**2/(32*r0), a**2/(4*r0), a**2/(32*r0)]
[C6] PASS wall continuation bounds: 60000 samples, 0 outside the bounds
[C7] PASS cubic wall values and the end-cell identity: E rows [[4, -6, 4, -1], [10, -20, 15, -4]]; (F r)_i - r_i = [0, 0]
[C8] PASS quartic-primitive face weights: interior, wall, next: [[-1/12, 7/12, 7/12, -1/12], [25/12, -23/12, 13/12, -1/4], [1/4, 13/12, -5/12, 1/12]]
[C9] PASS log-mean cell pressure: isothermal max rel error 1.4e-15; polytrope rel errors 6.121e-04 / 1.485e-04 / 3.658e-05 (dz 0.1/0.05/0.025), order 2.02
[C10] PASS top anchor offset is a column constant of relative size (dz/2H)^2/6: a 0.05: 4.1672e-04 (a^2/6 = 4.1667e-04); a 0.025: 1.0417e-04 (a^2/6 = 1.0417e-04); a 0.0125: 2.6042e-05 (a^2/6 = 2.6042e-05)
[C11] PASS independent rebuild reproduces test_wb_ref_wall's table: worst relative difference 4.8e-04 over 40 printed numbers; beta 0.5 nz 64 face1 +4.821e-05 top1 +9.960e-05 interior 1.450e-04; beta 0 nz 64 face1 +3.801e-06 top1 +1.001e-05 interior 9.707e-06; consistent grid moves faces 0-2 by at most 2.6e-07
[C12] PASS face-1 dsf order, repeated wall cell vs continuation (beta 0.5): repeated 2.880e-03 / 1.392e-03 / 6.840e-04 / 3.391e-04 order 1.03; continued 1.948e-04 / 4.796e-05 / 1.190e-05 / 2.964e-06 order 2.01 (nz 32/64/128/256)
[C13] PASS scan faces exact up to a constant; six-face pref order: isothermal, spread of (psf - p(z_f)) 2.2e-16 of p; interior |pref - p_bar - c| 9.399e-09 / 1.662e-10 / 2.763e-12 (nz 8/16/32), order 5.87
[C14] PASS mid-column face-density offset, base vs SNAP_WB_REF4 (beta 0.5): base/formula 1.0022 / 1.0005 / 1.0001 / 1.0000; base order 2.00; ref4 3.22e-12 / 5.20e-14 / 6.91e-16 / 2.76e-16 order 4.68 (nz 32/64/128/256)
[C15] PASS independent balance_column fixed point (beta 0.3, nz 64, 1e-3 bump): residual 4.640e-02 -> 1.026e-11 after 12 updates; max relative change of p/rho 1.5e-16
[C16] PASS plain-mean conversion exactness: max error degree <= 4: 2.2e-16; degree 5: 1.2e-01; |sum - 1| <= 2.2e-16
[C17] PASS x1 pressure source identities (exact rationals): constant p: S V - (A+ - A-) = 0 is True; by parts: net force = r^2 mean of -dp~/dr is True
[C18] PASS centroid offset of an r^2 cell: delta = 2*h**2*rb/(h**2 + 12*rb**2); series -h**4/(72*rb**3) + h**2/(6*rb)
[C19] PASS hydrostatic-mode correction cancels the pressure force at rest: max |force + correction| 0.0e+00 (non-hydrostatic 0)
[C20] PASS uniform-grid classification: round-off spread uniform: True; 1e-6 stretching uniform: False
[C21] PASS Favre ratio of r^2 means against the plain mean (linear profiles): difference to O(h^2): h**2*w1*(2*r0 + r1*rb)/(12*r0*rb)
21 passed, 0 failed
