A. Cartesian-limit check of the replica against tests/test_horizontal_flux_covariance.py
   (harness: off in [-0.32,-0.20]; on, face work, CART_REF -0.0130/-0.0049/+0.0003 at nz 16/32/64)
   nz   16  off -0.2638  on -0.0196
   nz   32  off -0.2586  on -0.0123
   nz   64  off -0.2537  on -0.0070
   nz  128  off -0.2509  on -0.0040

B. R * [eps nz^2 (R) - eps nz^2 (inf)], nz = 64, anelastic roll (truth = 0 exactly)
   arm                                     R=5      R=10     R=20     R=40   
   cell work, x3 off                       +0.0579  +0.0688  +0.0750  +0.0784
   cell work, x3 #293 full                 +0.0226  +0.0218  +0.0213  +0.0211
   face work, x3 #293 full                 +0.0058  +0.0009  -0.0019  -0.0034
   cell work, x3 full, WB ref as main      -0.0090  -0.0156  -0.0194  -0.0215
   FIX: cell, x3 full, r^2 x1 weights      +0.0006  +0.0006  +0.0006  +0.0007
   FIX: + WB ref with r^2 weights          -0.0310  -0.0369  -0.0402  -0.0420
   FIX: face, x3 full, r^2 x1 weights      +0.0058  +0.0009  -0.0019  -0.0034

C. Convergence of the 1/R content at R = 5: 5 [eps nz^2 (5) - eps nz^2 (inf)]
   arm                                     nz=32    nz=64    nz=128   nz=256 
   cell work, x3 #293 full                 +0.02308  +0.02260  +0.02249  +0.02246
   face work, x3 #293 full                 +0.00431  +0.00583  +0.00679  +0.00732
   FIX: cell, x3 full, r^2 x1 weights      +0.00104  +0.00056  +0.00044  +0.00042
   FIX: + WB ref with r^2 weights          -0.02773  -0.03100  -0.03286  -0.03384

D. Analytic prediction of the x1-weight term (eq. 3.4), cell work, vs B row 2 - row 5
   R=   5  predicted R*eps nz^2 = +0.01994   replica = +0.02204
   R=  10  predicted R*eps nz^2 = +0.02001   replica = +0.02118
   R=  20  predicted R*eps nz^2 = +0.02006   replica = +0.02068
   R=  40  predicted R*eps nz^2 = +0.02008   replica = +0.02040

E. The diagnostic itself: continuum truth of eps nz^2 for the CARTESIAN roll copied onto
   the sphere (not anelastic there: div(rho v) = 2 rho w / r + ...). Scheme-independent.
   R=   5  truth -0.02309  R*truth -0.1155   scheme(cell, x3 full) - truth -0.00080
   R=  10  truth -0.01224  R*truth -0.1224   scheme(cell, x3 full) - truth -0.00311
   R=  20  truth -0.00631  R*truth -0.1263   scheme(cell, x3 full) - truth -0.00421
   R=  40  truth -0.00321  R*truth -0.1284   scheme(cell, x3 full) - truth -0.00474
