A. The three teammate facts in the replica.  AB = Anders-Brown polytrope deck of
   tests/test_wb_wall_corner.cpp (gamma 5/3, adiabatic, depth 2.17 H_b); L1 = gamma 1.4, depth 1 H_b.
   seed 'sph': rho w ~ sin (the #293 harness roll), anelastic on the sphere; 'wsph': w ~ sin.
   floor = continuum truth of the diagnostic for the Cartesian roll copied onto the sphere;
   main = d59836d, face work + curv_flux1, main's WB reference, x3 off;
   term = main - (main with the 2-face weights exact for the r^2 measure, curv_flux1 kept).
   AB sph   floor -0.630 -0.859   main +0.932 +1.273   term +0.178 +0.215   floor/term -3.99  main/term +5.91
   AB wsph  floor -0.256 -0.313   main +0.102 +0.142   term +0.150 +0.159   floor/term -1.97  main/term +0.89
   L1 sph   floor -0.115 -0.130   main +0.045 +0.051   term +0.022 +0.020   floor/term -6.49  main/term +2.53
   L1 wsph  floor -0.088 -0.097   main -0.030 -0.032   term +0.022 +0.020   floor/term -4.92  main/term -1.61
   teammate (R = 5, 1000): floor +1.72 +1.95, main -1.43 -1.69, term -1.07 -1.23 (shift +1.05 +1.19)
                            floor/term -1.59, main/term +1.37

B. Excess along the fixes, nz 128, R = 5, 20, 1000   | Cartesian twin eps nz^2
   AB, seed sph
   1 main (face+curv, WB main, x3 off)    +0.9318 +1.1656 +1.2725   | -0.6827
   2  + exact 2-face wts, curv main  [d]  +0.7541 +0.9619 +1.0571   | -0.6827
   3  + x1 r^2 weights (0.3)              +0.7541 +0.9620 +1.0572   | -0.6827
   4  + exact WB reference   [= (b)]      +0.4339 +0.6062 +0.6856   | -0.5943
   5  + x3 #293                           -0.1667 -0.2367 -0.2701   | +0.0181
   6  + x3 exact face average             -0.1692 -0.2404 -0.2744   | +0.0191
   7 main face+curv, exact WB, x3 off     +0.6117 +0.8098 +0.9009   | -0.5943
   8 main face+curv, exact WB, x3 #293    +0.0110 -0.0331 -0.0547   | +0.0181
   9 main face+curv, exact WB, x3 exact   +0.0085 -0.0368 -0.0591   | +0.0191
   10 rbar+curv(r^2m), x1, WB, x3 #293    -0.0307 -0.0470 -0.0550   | +0.0181
   11 rbar+curv(r^2m), x1, WB, x3 exact   -0.0332 -0.0507 -0.0594   | +0.0191
   12 exact wts+curv sph, x1, WB, x3 ex   -0.0749 -0.0645 -0.0596   | +0.0191
   13 cell work, x1, WB, x3 exact         +0.0463 +0.0567 +0.0612   | -0.0565
   AB, seed wsph
   1 main (face+curv, WB main, x3 off)    +0.1022 +0.1299 +0.1421   | -0.5091
   2  + exact 2-face wts, curv main  [d]  -0.0474 -0.0261 -0.0169   | -0.5091
   3  + x1 r^2 weights (0.3)              -0.0473 -0.0261 -0.0168   | -0.5091
   4  + exact WB reference   [= (b)]      -0.2256 -0.1882 -0.1717   | -0.4696
   5  + x3 #293                           -0.0787 -0.1208 -0.1390   | +0.0060
   6  + x3 exact face average             -0.0781 -0.1204 -0.1387   | +0.0061
   7 main face+curv, exact WB, x3 off     -0.0760 -0.0321 -0.0127   | -0.4696
   8 main face+curv, exact WB, x3 #293    +0.0710 +0.0353 +0.0200   | +0.0060
   9 main face+curv, exact WB, x3 exact   +0.0715 +0.0357 +0.0203   | +0.0061
   10 rbar+curv(r^2m), x1, WB, x3 #293    +0.0246 +0.0210 +0.0197   | +0.0060
   11 rbar+curv(r^2m), x1, WB, x3 exact   +0.0252 +0.0214 +0.0201   | +0.0061
   12 exact wts+curv sph, x1, WB, x3 ex   -0.0213 +0.0070 +0.0197   | +0.0061
   13 cell work, x1, WB, x3 exact         +0.0192 +0.0235 +0.0255   | -0.0293
   L1, seed sph
   1 main (face+curv, WB main, x3 off)    +0.0452 +0.0493 +0.0509   | -0.2509
   2  + exact 2-face wts, curv main  [d]  +0.0232 +0.0287 +0.0308   | -0.2509
   3  + x1 r^2 weights (0.3)              +0.0232 +0.0287 +0.0308   | -0.2509
   4  + exact WB reference   [= (b)]      +0.0202 +0.0333 +0.0384   | -0.2428
   5  + x3 #293                           -0.0152 -0.0206 -0.0227   | +0.0040
   6  + x3 exact face average             -0.0153 -0.0207 -0.0228   | +0.0041
   7 main face+curv, exact WB, x3 off     +0.0423 +0.0540 +0.0584   | -0.2428
   8 main face+curv, exact WB, x3 #293    +0.0068 +0.0001 -0.0026   | +0.0040
   9 main face+curv, exact WB, x3 exact   +0.0067 -0.0000 -0.0027   | +0.0041
   10 rbar+curv(r^2m), x1, WB, x3 #293    -0.0011 -0.0022 -0.0026   | +0.0040
   11 rbar+curv(r^2m), x1, WB, x3 exact   -0.0011 -0.0023 -0.0027   | +0.0041
   12 exact wts+curv sph, x1, WB, x3 ex   -0.0090 -0.0045 -0.0028   | +0.0041
   13 cell work, x1, WB, x3 exact         +0.0004 +0.0004 +0.0004   | -0.0051

C. The face-form entropy identity (exact WB reference): rho T S = -(h(r_c) - h_c) div1 F
   + g div1 H  - div3(F3E - h_c F3).  Excess and Cartesian value of each part:
   AB sph  main face+curv, x3 off     cart: x1 -0.284 curv -0.310 x3 +0.000 | excess R5: x1 +0.550 curv +0.061 x3 +0.000 | R1000: x1 +0.745 curv +0.156 x3 +0.000
   AB sph  main face+curv, x3 exact   cart: x1 -0.284 curv -0.310 x3 +0.613 | excess R5: x1 +0.550 curv +0.061 x3 -0.603 | R1000: x1 +0.745 curv +0.156 x3 -0.960
   AB sph  rbar+curv(r^2m), x3 exact  cart: x1 -0.284 curv -0.310 x3 +0.613 | excess R5: x1 +0.603 curv -0.033 x3 -0.603 | R1000: x1 +0.960 curv -0.059 x3 -0.960
   AB wsph main face+curv, x3 off     cart: x1 -0.147 curv -0.323 x3 -0.000 | excess R5: x1 +0.348 curv -0.424 x3 +0.000 | R1000: x1 +0.444 curv -0.457 x3 +0.000
   AB wsph main face+curv, x3 exact   cart: x1 -0.147 curv -0.323 x3 +0.476 | excess R5: x1 +0.348 curv -0.424 x3 +0.148 | R1000: x1 +0.444 curv -0.457 x3 +0.033
   AB wsph rbar+curv(r^2m), x3 exact  cart: x1 -0.147 curv -0.323 x3 +0.476 | excess R5: x1 +0.358 curv -0.481 x3 +0.148 | R1000: x1 +0.603 curv -0.616 x3 +0.033
   L1 sph  main face+curv, x3 off     cart: x1 -0.012 curv -0.231 x3 +0.000 | excess R5: x1 +0.037 curv +0.005 x3 -0.000 | R1000: x1 +0.041 curv +0.017 x3 -0.000
   L1 sph  main face+curv, x3 exact   cart: x1 -0.012 curv -0.231 x3 +0.247 | excess R5: x1 +0.037 curv +0.005 x3 -0.036 | R1000: x1 +0.041 curv +0.017 x3 -0.061
   L1 sph  rbar+curv(r^2m), x3 exact  cart: x1 -0.012 curv -0.231 x3 +0.247 | excess R5: x1 +0.036 curv -0.001 x3 -0.036 | R1000: x1 +0.061 curv -0.003 x3 -0.061

D. E+PE per phi column, max |sum_i V (W + g r_c d1 rho)| / sum |V W|, R = 5, nz 128, AB
   face      : 4.49e-15
   face-exact: 2.63e-06
   face-rbar : 4.68e-15
