1. Face form, phi_c = g x1v: column sum of face f = A_f (x1v_i+1 - x1v_i) by construction
   (each face's work is split at r_f), so E+PE closes to round-off for any F.

2. Exact-measure weight, phi_c = g x1v:  column sum - A_f dx1v =
   h**3*(h**4 - 6*h**2*r_f**2 + 18*r_f**4)/(6*(h**2 - 3*h*r_f + 3*r_f**2)*(h**2 + 3*h*r_f + 3*r_f**2))
   series: h**3/3
   -> E+PE changes at d/dt = -g sum_f F_f * leak_f per unit solid angle: not conservative;
      relative to the work, leak/(A h) = h^2/(3 r^2) + O(h^4).

3. Any conservative work with phi_c = g x1v has  sum_i V_i W_i = -g sum_f F_f A_f dx1v_f, and
   A_f dx1v_f - h r_f^2 = -h**3/6
   while the exact sum_i V_i <F>_V = int r^2 F dr = sum_f h r_f^2 F_f + (Cartesian end terms).
   The bulk difference -(h^3/6) sum_f F_f = -(h^2/6) int F dr cannot be removed locally:
   phi_c = g x1v caps every conservative work at an O(h^2/R^2) error, -g (h^2/6) F / r^2 in W.

4. phi_c = g rbar (arithmetic mid-radius): face form = (h/2V)(G+ + G-), G = r^2 F, the
   trapezoid rule; curv_flux1 on G, A_f H_f = (h/12)(G_i - G_i-1), is divergence form (zero at
   walls, conservative) and removes -(h^2/12) G'' (Euler-Maclaurin): exact to O(h^4).

5. Local error max_i |W_i - <F>_V,i| (g = 1), F = sin(pi z)(R/r)^2 e^-z, R = 5, L = 1;
   columns: nz, err*nz^2 and err*nz^4 for each form
   nz   16  face x1v + curv main: 5.41e-03 / 1.39e+00   exact wts + curv main: 5.81e-02 / 1.49e+01   face rbar + curv r^2m: 3.06e-03 / 7.83e-01
   nz   32  face x1v + curv main: 3.63e-03 / 3.72e+00   exact wts + curv main: 8.06e-02 / 8.25e+01   face rbar + curv r^2m: 8.60e-04 / 8.81e-01
   nz   64  face x1v + curv main: 3.29e-03 / 1.35e+01   exact wts + curv main: 9.25e-02 / 3.79e+02   face rbar + curv r^2m: 2.23e-04 / 9.13e-01
   nz  128  face x1v + curv main: 3.22e-03 / 5.28e+01   exact wts + curv main: 9.86e-02 / 1.62e+03   face rbar + curv r^2m: 5.64e-05 / 9.24e-01
   nz  256  face x1v + curv main: 3.20e-03 / 2.10e+02   exact wts + curv main: 1.02e-01 / 6.66e+03   face rbar + curv r^2m: 1.42e-05 / 9.28e-01
   main's O(h^2) error vs the prediction +(h^2/6) F/r^2 at nz 256: ratio 1.002
